[01, 0, 0] => __ 
[01, 0, 1] => V  
[01, 0, 2] => V  
[01, 0, 3] => V  
[01, 1, 0] => __ 
[01, 1, 1] => V  
[01, 1, 2] => V  
[01, 1, 3] => V  
[01, 2, 0] => 02 
[01, 2, 1] => 02 
[01, 2, 2] => 02 
[01, 2, 3] => 02 
[01, 3, 0] => 02 
[01, 3, 1] => 02 
[01, 3, 2] => 02 
[01, 3, 3] => 02 
[01, 4, 0] => __ 
[01, 4, 1] => V  
[01, 4, 2] => V  
[01, 4, 3] => V  
[__, 0, 0] => __ 
[__, 0, 1] => __ 
[__, 0, 2] => __ 
[__, 0, 3] => __ 
[__, 1, 0] => __ 
[__, 1, 1] => __ 
[__, 1, 2] => __ 
[__, 1, 3] => __ 
[__, 2, 0] => __ 
[__, 2, 1] => __ 
[__, 2, 2] => __ 
[__, 2, 3] => __ 
[__, 3, 0] => 01 
[__, 3, 1] => 01 
[__, 3, 2] => 01 
[__, 3, 3] => 01 
[__, 4, 0] => __ 
[__, 4, 1] => __ 
[__, 4, 2] => __ 
[__, 4, 3] => __ 
[99, 0, 0] => __ 
[99, 0, 1] => V  
[99, 0, 2] => V  
[99, 0, 3] => V  
[99, 1, 0] => __ 
[99, 1, 1] => V  
[99, 1, 2] => V  
[99, 1, 3] => V  
[99, 2, 0] => V  
[99, 2, 1] => V  
[99, 2, 2] => V  
[99, 2, 3] => V  
[99, 3, 0] => V  
[99, 3, 1] => V  
[99, 3, 2] => V  
[99, 3, 3] => V  
[99, 4, 0] => __ 
[99, 4, 1] => V  
[99, 4, 2] => V  
[99, 4, 3] => V  
[V , 0, 0] => V  
[V , 0, 1] => V  
[V , 0, 2] => __ 
[V , 0, 3] => __ 
[V , 1, 0] => V  
[V , 1, 1] => V  
[V , 1, 2] => __ 
[V , 1, 3] => __ 
[V , 2, 0] => V  
[V , 2, 1] => V  
[V , 2, 2] => __ 
[V , 2, 3] => __ 
[V , 3, 0] => V  
[V , 3, 1] => V  
[V , 3, 2] => __ 
[V , 3, 3] => __ 
[V , 4, 0] => V  
[V , 4, 1] => V  
[V , 4, 2] => __ 
[V , 4, 3] => __ 
