Initial:
__ __ __ __ __ 
__ 97 __ __ __ 
__ 96 __ __ __ 
__ 95 __ V  __ 
__ __ __ __ __ 


Frame #1:
__ __ __ __ __ 
__ __ __ __ __ 
01 97 01 __ __ 
__ __ __ V  __ 
__ __ __ __ __ 


Frame #2:
__ __ __ __ __ 
__ 01 __ __ __ 
__ 98 V  __ __ 
__ 01 __ V  __ 
__ __ __ __ __ 


Frame #3:
__ __ __ __ __ 
__ V  __ __ __ 
01 99 V  __ __ 
__ V  __ V  __ 
__ __ __ __ __ 


Frame #4:
__ __ __ __ __ 
__ V  __ __ __ 
V  V  __ __ __ 
__ V  __ V  __ 
__ __ __ __ __ 


Frame #5:
__ __ __ __ __ 
__ __ __ __ __ 
__ __ __ __ __ 
__ __ __ V  __ 
__ __ __ __ __ 


Frame #6:
__ __ __ __ __ 
__ __ __ __ __ 
__ __ __ __ __ 
__ __ __ V  __ 
__ __ __ __ __ 
